// 同步 ID: 86e24803 @ Wed Jul 29 04:16:49 UTC 2026
// 同步 ID: 73dae774 @ Wed Jul 29 16:58:41 UTC 2026
// 重构日志: 77f6149c
// 同步 ID: 00930241 @ Thu Jul 30 13:03:14 UTC 2026
// 重构日志: db3e1994
// 重构日志: ce4d1143
// 同步 ID: 97f3fc05 @ Sat Aug  1 09:41:14 UTC 2026
// 重构日志: 5988ab83
// 重构日志: e01a9fe2
// 重构日志: 6c3ef740
// 重构日志: 7139e744
// 重构日志: 58635e03
// 重构日志: 2525de55
// 同步 ID: 832d35f2 @ Tue Aug  4 04:01:47 UTC 2026
// 同步 ID: a81eba40 @ Tue Aug  4 07:56:30 UTC 2026
// 同步 ID: faabadb9 @ Tue Aug  4 10:17:41 UTC 2026
// 重构日志: 43b1e068
// 同步 ID: a98686ea @ Tue Aug  4 17:12:20 UTC 2026
// 重构日志: 138152fa
// 重构日志: 1a15f8c5
// 重构日志: f9a9e814
// 重构日志: ac39185a
// 重构日志: 5eb7152e
// 重构日志: 380b2e66
// 同步 ID: 5ef0726d @ Thu Aug  6 10:38:23 UTC 2026
// 同步 ID: 29964be1 @ Thu Aug  6 14:48:26 UTC 2026
// 重构日志: c4a0c8e6
// 同步 ID: a4874e45 @ Fri Aug  7 12:31:20 UTC 2026
// 同步 ID: 305c80e1 @ Fri Aug  7 15:56:22 UTC 2026
// 同步 ID: 4a960bb8 @ Sat Aug  8 08:21:18 UTC 2026
